---
source: crates/rolldown/tests/common/case.rs
expression: content
input_file: crates/rolldown/tests/esbuild/dce/remove_unused_pure_comment_calls
---
# Assets

## entry_js.mjs

```js
// entry.js
function bar() {
}
let bare = foo(bar);
let new_at_yes = new foo(bar);
let new_at_no = new foo(bar());
let nospace_new_at_yes = new foo(bar);
let nospace_new_at_no = new foo(bar());
let new_num_yes = new foo(bar);
let new_num_no = new foo(bar());
let nospace_new_num_yes = new foo(bar);
let nospace_new_num_no = new foo(bar());
let nested_yes = [1, foo(bar), 2];
let nested_no = [1, foo(bar()), 2];
let new_nested_yes = [1, new foo(bar), 2];
let new_nested_no = [1, new foo(bar()), 2];
let single_at_yes = foo(bar);
let single_at_no = foo(bar());
let new_single_at_yes = new foo(bar);
let new_single_at_no = new foo(bar());
let single_num_yes = foo(bar);
let single_num_no = foo(bar());
let new_single_num_yes = new foo(bar);
let new_single_num_no = new foo(bar());
let bad_no = foo(bar);
let new_bad_no = new foo(bar);
let parens_no = foo(bar);
let new_parens_no = new foo(bar);
let exp_no = foo() ** foo();
let new_exp_no = new foo() ** foo();
```
