---
source: crates/rolldown/tests/common/case.rs
expression: content
input_file: crates/rolldown/tests/esbuild/default/keep_names_class_static_name
---
# Assets

## entry_js.mjs

```js

//#region entry.js
class A {
	static foo;

}
class B {
	static name;

}
class C {
	static name(){
	}
}
class D {
	static get name(){
	}
}
class E {
	static set name(x){
	}
}
class F {
	static ['name']=0;

}
let a = class a$1 {
	static foo;

}, b = class b$1 {
	static name;

}, c = class c$1 {
	static name(){
	}
}, d = class d$1 {
	static get name(){
	}
}, e = class e$1 {
	static set name(x){
	}
}, f = class f$1 {
	static ['name']=0;

}, a2 = class {
	static foo;

}, b2 = class {
	static name;

}, c2 = class {
	static name(){
	}
}, d2 = class {
	static get name(){
	}
}, e2 = class {
	static set name(x){
	}
}, f2 = class {
	static ['name']=0;

};

//#endregion
```
