---
source: crates/rolldown/tests/common/case.rs
expression: content
input_file: crates/rolldown/tests/esbuild/dce/tree_shaking_lowered_class_static_field_minified
---
# Assets

## entry_js.mjs

```js
// entry.js
class KeepMe1 {
	static x='x';

	static y=sideEffects();

	static z='z';

}
class KeepMe2 {
	static x='x';

	static y='y';

	static z='z';

}
new KeepMe2();
```
