---
source: crates/rolldown/tests/common/case.rs
expression: content
input_file: crates/rolldown/tests/fixtures/deconflict/issue_364
---
# Assets

## main.mjs

```js
import { default as assert } from "node:assert";

//#region shared.js
const a$2 = 'shared.js';

//#endregion
//#region main.js
const a = 'a', a$1 = 'a$1';
assert.equal(a$2, 'shared.js');
assert.equal(a, 'a');
assert.equal(a$1, 'a$1');

//#endregion
//# sourceMappingURL=main.mjs.map
```

# Sourcemap Visualizer

- ../shared.js
(0:0-0:6) "const " --> (3:0-3:6) "\nconst"
(0:6-0:10) "a = " --> (3:6-3:12) " a$2 ="
(0:10-2:13) "'shared.js'\n\nexport { a }" --> (3:12-7:0) " 'shared.js';\n\n//#endregion\n//#region main.js"
- ../main.js
(2:0-2:6) "\nconst" --> (7:0-7:6) "\nconst"
(2:6-2:10) " a =" --> (7:6-7:10) " a ="
(2:10-3:6) " 'a'\nconst" --> (7:10-7:15) " 'a',"
(3:6-3:12) " a$1 =" --> (7:15-7:21) " a$1 ="
(3:12-5:0) " 'a$1'\n" --> (7:21-8:0) " 'a$1';"
(5:0-5:7) "\nassert" --> (8:0-8:7) "\nassert"
(5:7-5:13) ".equal" --> (8:7-8:13) ".equal"
(5:13-5:17) "(a2," --> (8:13-8:18) "(a$2,"
(5:17-5:29) " 'shared.js'" --> (8:18-8:30) " 'shared.js'"
(5:29-6:0) ")" --> (8:30-9:0) ");"
(6:0-6:7) "\nassert" --> (9:0-9:7) "\nassert"
(6:7-6:13) ".equal" --> (9:7-9:13) ".equal"
(6:13-6:16) "(a," --> (9:13-9:16) "(a,"
(6:16-6:20) " 'a'" --> (9:16-9:20) " 'a'"
(6:20-7:0) ")" --> (9:20-10:0) ");"
(7:0-7:7) "\nassert" --> (10:0-10:7) "\nassert"
(7:7-7:13) ".equal" --> (10:7-10:13) ".equal"
(7:13-7:18) "(a$1," --> (10:13-10:18) "(a$1,"
(7:18-7:24) " 'a$1'" --> (10:18-10:24) " 'a$1'"
(7:24-8:1) ")\n" --> (10:24-13:34) ");\n\n//#endregion\n//# sourceMappingURL=main.mjs.map"
