---
source: crates/rolldown/tests/common/case.rs
expression: content
input_file: crates/rolldown/tests/esbuild/import_star/re_export_star_as_external_es6
---
# warnings

## UNRESOLVED_IMPORT

```text
[UNRESOLVED_IMPORT] Warning: "foo" is imported by "entry.js", but could not be resolved â€“ treating it as an external dependency.

```
# Assets

## entry_js.mjs

```js
import * as out from "foo";

export { out };
```
