---
source: crates/rolldown/tests/common/case.rs
expression: content
input_file: crates/rolldown/tests/fixtures/tree_shaking/multi_declaration
---
# Assets

## main1.mjs

```js
// share.js
const a = 100, b = 200;

// main1.js
console.log(a);
```

## Output Stats

- main1.mjs, is_entry true, is_dynamic_entry false, exports []
