---
source: crates/rolldown/tests/common/case.rs
expression: content
input_file: crates/rolldown/tests/esbuild/splitting/duplicate_chunk_collision
---
# Assets

## a.mjs

```js

```
## b.mjs

```js

```
## c.mjs

```js
import "./d~1.mjs";
```
## d.mjs

```js
import "./d~1.mjs";
```
## d~1.mjs

```js

```
