---
source: crates/rolldown/tests/common/case.rs
expression: content
input_file: crates/rolldown/tests/esbuild/dce/dce_template_literal
---
# Assets

## entry_js.mjs

```js
// entry.js
let a = `${keep}`;
let c = `${keep ? 1 : 2n}`;
```
