---
source: crates/rolldown/tests/common/case.rs
expression: content
input_file: crates/rolldown/tests/esbuild/default/keep_names_tree_shaking
---
# Assets

## entry_js.mjs

```js

//#region entry.js
function fnStmtKeep() {
}
x = fnStmtKeep;
let fnExprRemove = function remove() {
}, fnExprKeep = function keep() {
};
x = fnExprKeep;
class clsStmtKeep {
}
new clsStmtKeep();
let clsExprRemove = class remove {
}, clsExprKeep = class keep {
};
new clsExprKeep();

//#endregion
```
